3 4
55  70  85  100  
70  90  110  130  
85  110  135  160  
